{
  "Symbol": "EUR",
  "Available": 0.0,
  "InOrder": 11.03
}
