{
  "TimeStamp": "2021-08-15T12:50:00Z",
  "High": {
    "Value": 38912.0
  },
  "Low": {
    "Value": 38860.0
  },
  "Open": {
    "Value": 38861.0
  },
  "Close": {
    "Value": 38912.0
  },
  "Volume": 0.43169284
}
