{
  "Timestamp": "0001-01-02T21:15:03.2323428",
  "Id": "1f7ea32b-124d-40c3-863f-f30b65364794",
  "Amount": 0.00256415,
  "Price": 38902.0,
  "Side": "buy"
}
