{
  "Symbol": "AAVE",
  "Name": "Aave",
  "Decimals": 8,
  "DepositFee": 0.0,
  "DepositConfirmations": 30,
  "DepositStatus": "OK",
  "WithdrawalFee": 0.024,
  "WithdrawalMinAmount": 0.024,
  "WithdrawalStatus": "OK",
  "Networks": [
    "ETH"
  ],
  "Message": ""
}
