{
  "Timestamp": "2021-08-15T12:58:43.428Z",
  "Id": "1f7ea32b-124d-40c3-863f-f30b65364794",
  "Amount": 0.00256415,
  "Price": 38902.0,
  "Side": "buy"
}
