{
  "OrderId": "4a7bd126-2d21-4918-96dc-0c8f51760a0b",
  "Market": "BTC-EUR",
  "Created": "0001-01-02T20:52:24.9931466",
  "Updated": "0001-01-02T20:52:24.9931466",
  "Status": "filled",
  "Side": "sell",
  "OrderType": "limit",
  "Amount": 241469.0,
  "AmountRemaining": 0.0,
  "Price": 45928.0,
  "AmountQuote": 0.0,
  "AmountQuoteRemaining": 0.0,
  "OnHold": 0.0,
  "OnHoldCurrency": "BTC",
  "TriggerPrice": 0.0,
  "TriggerAmount": 0.0,
  "TriggerType": null,
  "TriggerReference": null,
  "FilledAmount": 241469.0,
  "FilledAmountQuote": 11090188232.0,
  "FeePaid": 17188232.0,
  "FeeCurrency": "EUR",
  "Fills": [
    {
      "Id": "c9d0abf0-9377-4b1a-ab06-a840f730dc43",
      "Timestamp": "0001-01-02T20:52:25.1035833",
      "Amount": 241469.0,
      "Price": 45928.0,
      "Taker": false,
      "Fee": 17188232.0,
      "FeeCurrency": "EUR",
      "Settled": true
    }
  ],
  "SelfTradePrevention": "decrementAndCancel",
  "Visible": false,
  "TimeInForce": "GTC",
  "PostOnly": false,
  "DisableMarketProtection": false
}
