{
  "Symbol": "EUR",
  "Available": 0.0,
  "InOrder": 1103.0
}
