[
  {
    "Name": "KrieptoBot.Domain.Trading.ValueObjects.Symbol-KrieptoBot.Domain.Trading.ValueObjects.Symbol",
    "BaseSymbol": {
      "Value": "AAVE"
    },
    "QuoteSymbol": {
      "Value": "EUR"
    }
  },
  {
    "Name": "KrieptoBot.Domain.Trading.ValueObjects.Symbol-KrieptoBot.Domain.Trading.ValueObjects.Symbol",
    "BaseSymbol": {
      "Value": "ADA"
    },
    "QuoteSymbol": {
      "Value": "BTC"
    }
  },
  {
    "Name": "KrieptoBot.Domain.Trading.ValueObjects.Symbol-KrieptoBot.Domain.Trading.ValueObjects.Symbol",
    "BaseSymbol": {
      "Value": "ADA"
    },
    "QuoteSymbol": {
      "Value": "EUR"
    }
  },
  {
    "Name": "KrieptoBot.Domain.Trading.ValueObjects.Symbol-KrieptoBot.Domain.Trading.ValueObjects.Symbol",
    "BaseSymbol": {
      "Value": "AE"
    },
    "QuoteSymbol": {
      "Value": "BTC"
    }
  },
  {
    "Name": "KrieptoBot.Domain.Trading.ValueObjects.Symbol-KrieptoBot.Domain.Trading.ValueObjects.Symbol",
    "BaseSymbol": {
      "Value": "AE"
    },
    "QuoteSymbol": {
      "Value": "EUR"
    }
  },
  {
    "Name": "KrieptoBot.Domain.Trading.ValueObjects.Symbol-KrieptoBot.Domain.Trading.ValueObjects.Symbol",
    "BaseSymbol": {
      "Value": "AION"
    },
    "QuoteSymbol": {
      "Value": "BTC"
    }
  },
  {
    "Name": "KrieptoBot.Domain.Trading.ValueObjects.Symbol-KrieptoBot.Domain.Trading.ValueObjects.Symbol",
    "BaseSymbol": {
      "Value": "AION"
    },
    "QuoteSymbol": {
      "Value": "EUR"
    }
  },
  {
    "Name": "KrieptoBot.Domain.Trading.ValueObjects.Symbol-KrieptoBot.Domain.Trading.ValueObjects.Symbol",
    "BaseSymbol": {
      "Value": "ANT"
    },
    "QuoteSymbol": {
      "Value": "BTC"
    }
  },
  {
    "Name": "KrieptoBot.Domain.Trading.ValueObjects.Symbol-KrieptoBot.Domain.Trading.ValueObjects.Symbol",
    "BaseSymbol": {
      "Value": "ANT"
    },
    "QuoteSymbol": {
      "Value": "EUR"
    }
  },
  {
    "Name": "KrieptoBot.Domain.Trading.ValueObjects.Symbol-KrieptoBot.Domain.Trading.ValueObjects.Symbol",
    "BaseSymbol": {
      "Value": "ARK"
    },
    "QuoteSymbol": {
      "Value": "BTC"
    }
  },
  {
    "Name": "KrieptoBot.Domain.Trading.ValueObjects.Symbol-KrieptoBot.Domain.Trading.ValueObjects.Symbol",
    "BaseSymbol": {
      "Value": "ARK"
    },
    "QuoteSymbol": {
      "Value": "EUR"
    }
  },
  {
    "Name": "KrieptoBot.Domain.Trading.ValueObjects.Symbol-KrieptoBot.Domain.Trading.ValueObjects.Symbol",
    "BaseSymbol": {
      "Value": "BAL"
    },
    "QuoteSymbol": {
      "Value": "EUR"
    }
  },
  {
    "Name": "KrieptoBot.Domain.Trading.ValueObjects.Symbol-KrieptoBot.Domain.Trading.ValueObjects.Symbol",
    "BaseSymbol": {
      "Value": "BAND"
    },
    "QuoteSymbol": {
      "Value": "EUR"
    }
  },
  {
    "Name": "KrieptoBot.Domain.Trading.ValueObjects.Symbol-KrieptoBot.Domain.Trading.ValueObjects.Symbol",
    "BaseSymbol": {
      "Value": "BAT"
    },
    "QuoteSymbol": {
      "Value": "BTC"
    }
  },
  {
    "Name": "KrieptoBot.Domain.Trading.ValueObjects.Symbol-KrieptoBot.Domain.Trading.ValueObjects.Symbol",
    "BaseSymbol": {
      "Value": "BAT"
    },
    "QuoteSymbol": {
      "Value": "EUR"
    }
  },
  {
    "Name": "KrieptoBot.Domain.Trading.ValueObjects.Symbol-KrieptoBot.Domain.Trading.ValueObjects.Symbol",
    "BaseSymbol": {
      "Value": "BCH"
    },
    "QuoteSymbol": {
      "Value": "BTC"
    }
  },
  {
    "Name": "KrieptoBot.Domain.Trading.ValueObjects.Symbol-KrieptoBot.Domain.Trading.ValueObjects.Symbol",
    "BaseSymbol": {
      "Value": "BCH"
    },
    "QuoteSymbol": {
      "Value": "EUR"
    }
  },
  {
    "Name": "KrieptoBot.Domain.Trading.ValueObjects.Symbol-KrieptoBot.Domain.Trading.ValueObjects.Symbol",
    "BaseSymbol": {
      "Value": "BNB"
    },
    "QuoteSymbol": {
      "Value": "EUR"
    }
  },
  {
    "Name": "KrieptoBot.Domain.Trading.ValueObjects.Symbol-KrieptoBot.Domain.Trading.ValueObjects.Symbol",
    "BaseSymbol": {
      "Value": "BSV"
    },
    "QuoteSymbol": {
      "Value": "BTC"
    }
  },
  {
    "Name": "KrieptoBot.Domain.Trading.ValueObjects.Symbol-KrieptoBot.Domain.Trading.ValueObjects.Symbol",
    "BaseSymbol": {
      "Value": "BSV"
    },
    "QuoteSymbol": {
      "Value": "EUR"
    }
  },
  {
    "Name": "KrieptoBot.Domain.Trading.ValueObjects.Symbol-KrieptoBot.Domain.Trading.ValueObjects.Symbol",
    "BaseSymbol": {
      "Value": "BTC"
    },
    "QuoteSymbol": {
      "Value": "EUR"
    }
  },
  {
    "Name": "KrieptoBot.Domain.Trading.ValueObjects.Symbol-KrieptoBot.Domain.Trading.ValueObjects.Symbol",
    "BaseSymbol": {
      "Value": "CHZ"
    },
    "QuoteSymbol": {
      "Value": "EUR"
    }
  },
  {
    "Name": "KrieptoBot.Domain.Trading.ValueObjects.Symbol-KrieptoBot.Domain.Trading.ValueObjects.Symbol",
    "BaseSymbol": {
      "Value": "CMT"
    },
    "QuoteSymbol": {
      "Value": "BTC"
    }
  },
  {
    "Name": "KrieptoBot.Domain.Trading.ValueObjects.Symbol-KrieptoBot.Domain.Trading.ValueObjects.Symbol",
    "BaseSymbol": {
      "Value": "CMT"
    },
    "QuoteSymbol": {
      "Value": "EUR"
    }
  },
  {
    "Name": "KrieptoBot.Domain.Trading.ValueObjects.Symbol-KrieptoBot.Domain.Trading.ValueObjects.Symbol",
    "BaseSymbol": {
      "Value": "COMP"
    },
    "QuoteSymbol": {
      "Value": "EUR"
    }
  },
  {
    "Name": "KrieptoBot.Domain.Trading.ValueObjects.Symbol-KrieptoBot.Domain.Trading.ValueObjects.Symbol",
    "BaseSymbol": {
      "Value": "DAI"
    },
    "QuoteSymbol": {
      "Value": "EUR"
    }
  },
  {
    "Name": "KrieptoBot.Domain.Trading.ValueObjects.Symbol-KrieptoBot.Domain.Trading.ValueObjects.Symbol",
    "BaseSymbol": {
      "Value": "DCR"
    },
    "QuoteSymbol": {
      "Value": "BTC"
    }
  },
  {
    "Name": "KrieptoBot.Domain.Trading.ValueObjects.Symbol-KrieptoBot.Domain.Trading.ValueObjects.Symbol",
    "BaseSymbol": {
      "Value": "DCR"
    },
    "QuoteSymbol": {
      "Value": "EUR"
    }
  },
  {
    "Name": "KrieptoBot.Domain.Trading.ValueObjects.Symbol-KrieptoBot.Domain.Trading.ValueObjects.Symbol",
    "BaseSymbol": {
      "Value": "DGB"
    },
    "QuoteSymbol": {
      "Value": "BTC"
    }
  },
  {
    "Name": "KrieptoBot.Domain.Trading.ValueObjects.Symbol-KrieptoBot.Domain.Trading.ValueObjects.Symbol",
    "BaseSymbol": {
      "Value": "DGB"
    },
    "QuoteSymbol": {
      "Value": "EUR"
    }
  },
  {
    "Name": "KrieptoBot.Domain.Trading.ValueObjects.Symbol-KrieptoBot.Domain.Trading.ValueObjects.Symbol",
    "BaseSymbol": {
      "Value": "DOGE"
    },
    "QuoteSymbol": {
      "Value": "EUR"
    }
  },
  {
    "Name": "KrieptoBot.Domain.Trading.ValueObjects.Symbol-KrieptoBot.Domain.Trading.ValueObjects.Symbol",
    "BaseSymbol": {
      "Value": "DOT"
    },
    "QuoteSymbol": {
      "Value": "EUR"
    }
  },
  {
    "Name": "KrieptoBot.Domain.Trading.ValueObjects.Symbol-KrieptoBot.Domain.Trading.ValueObjects.Symbol",
    "BaseSymbol": {
      "Value": "ELF"
    },
    "QuoteSymbol": {
      "Value": "BTC"
    }
  },
  {
    "Name": "KrieptoBot.Domain.Trading.ValueObjects.Symbol-KrieptoBot.Domain.Trading.ValueObjects.Symbol",
    "BaseSymbol": {
      "Value": "ELF"
    },
    "QuoteSymbol": {
      "Value": "EUR"
    }
  },
  {
    "Name": "KrieptoBot.Domain.Trading.ValueObjects.Symbol-KrieptoBot.Domain.Trading.ValueObjects.Symbol",
    "BaseSymbol": {
      "Value": "ENJ"
    },
    "QuoteSymbol": {
      "Value": "BTC"
    }
  },
  {
    "Name": "KrieptoBot.Domain.Trading.ValueObjects.Symbol-KrieptoBot.Domain.Trading.ValueObjects.Symbol",
    "BaseSymbol": {
      "Value": "ENJ"
    },
    "QuoteSymbol": {
      "Value": "EUR"
    }
  },
  {
    "Name": "KrieptoBot.Domain.Trading.ValueObjects.Symbol-KrieptoBot.Domain.Trading.ValueObjects.Symbol",
    "BaseSymbol": {
      "Value": "EOS"
    },
    "QuoteSymbol": {
      "Value": "BTC"
    }
  },
  {
    "Name": "KrieptoBot.Domain.Trading.ValueObjects.Symbol-KrieptoBot.Domain.Trading.ValueObjects.Symbol",
    "BaseSymbol": {
      "Value": "EOS"
    },
    "QuoteSymbol": {
      "Value": "EUR"
    }
  },
  {
    "Name": "KrieptoBot.Domain.Trading.ValueObjects.Symbol-KrieptoBot.Domain.Trading.ValueObjects.Symbol",
    "BaseSymbol": {
      "Value": "ETC"
    },
    "QuoteSymbol": {
      "Value": "BTC"
    }
  },
  {
    "Name": "KrieptoBot.Domain.Trading.ValueObjects.Symbol-KrieptoBot.Domain.Trading.ValueObjects.Symbol",
    "BaseSymbol": {
      "Value": "ETC"
    },
    "QuoteSymbol": {
      "Value": "EUR"
    }
  },
  {
    "Name": "KrieptoBot.Domain.Trading.ValueObjects.Symbol-KrieptoBot.Domain.Trading.ValueObjects.Symbol",
    "BaseSymbol": {
      "Value": "ETH"
    },
    "QuoteSymbol": {
      "Value": "BTC"
    }
  },
  {
    "Name": "KrieptoBot.Domain.Trading.ValueObjects.Symbol-KrieptoBot.Domain.Trading.ValueObjects.Symbol",
    "BaseSymbol": {
      "Value": "ETH"
    },
    "QuoteSymbol": {
      "Value": "EUR"
    }
  },
  {
    "Name": "KrieptoBot.Domain.Trading.ValueObjects.Symbol-KrieptoBot.Domain.Trading.ValueObjects.Symbol",
    "BaseSymbol": {
      "Value": "FET"
    },
    "QuoteSymbol": {
      "Value": "EUR"
    }
  },
  {
    "Name": "KrieptoBot.Domain.Trading.ValueObjects.Symbol-KrieptoBot.Domain.Trading.ValueObjects.Symbol",
    "BaseSymbol": {
      "Value": "GAS"
    },
    "QuoteSymbol": {
      "Value": "BTC"
    }
  },
  {
    "Name": "KrieptoBot.Domain.Trading.ValueObjects.Symbol-KrieptoBot.Domain.Trading.ValueObjects.Symbol",
    "BaseSymbol": {
      "Value": "GAS"
    },
    "QuoteSymbol": {
      "Value": "EUR"
    }
  },
  {
    "Name": "KrieptoBot.Domain.Trading.ValueObjects.Symbol-KrieptoBot.Domain.Trading.ValueObjects.Symbol",
    "BaseSymbol": {
      "Value": "GLM"
    },
    "QuoteSymbol": {
      "Value": "EUR"
    }
  },
  {
    "Name": "KrieptoBot.Domain.Trading.ValueObjects.Symbol-KrieptoBot.Domain.Trading.ValueObjects.Symbol",
    "BaseSymbol": {
      "Value": "GNO"
    },
    "QuoteSymbol": {
      "Value": "EUR"
    }
  },
  {
    "Name": "KrieptoBot.Domain.Trading.ValueObjects.Symbol-KrieptoBot.Domain.Trading.ValueObjects.Symbol",
    "BaseSymbol": {
      "Value": "GNT"
    },
    "QuoteSymbol": {
      "Value": "BTC"
    }
  },
  {
    "Name": "KrieptoBot.Domain.Trading.ValueObjects.Symbol-KrieptoBot.Domain.Trading.ValueObjects.Symbol",
    "BaseSymbol": {
      "Value": "GNT"
    },
    "QuoteSymbol": {
      "Value": "EUR"
    }
  },
  {
    "Name": "KrieptoBot.Domain.Trading.ValueObjects.Symbol-KrieptoBot.Domain.Trading.ValueObjects.Symbol",
    "BaseSymbol": {
      "Value": "HOT"
    },
    "QuoteSymbol": {
      "Value": "BTC"
    }
  },
  {
    "Name": "KrieptoBot.Domain.Trading.ValueObjects.Symbol-KrieptoBot.Domain.Trading.ValueObjects.Symbol",
    "BaseSymbol": {
      "Value": "HOT"
    },
    "QuoteSymbol": {
      "Value": "EUR"
    }
  },
  {
    "Name": "KrieptoBot.Domain.Trading.ValueObjects.Symbol-KrieptoBot.Domain.Trading.ValueObjects.Symbol",
    "BaseSymbol": {
      "Value": "ICX"
    },
    "QuoteSymbol": {
      "Value": "BTC"
    }
  },
  {
    "Name": "KrieptoBot.Domain.Trading.ValueObjects.Symbol-KrieptoBot.Domain.Trading.ValueObjects.Symbol",
    "BaseSymbol": {
      "Value": "ICX"
    },
    "QuoteSymbol": {
      "Value": "EUR"
    }
  },
  {
    "Name": "KrieptoBot.Domain.Trading.ValueObjects.Symbol-KrieptoBot.Domain.Trading.ValueObjects.Symbol",
    "BaseSymbol": {
      "Value": "IOST"
    },
    "QuoteSymbol": {
      "Value": "BTC"
    }
  },
  {
    "Name": "KrieptoBot.Domain.Trading.ValueObjects.Symbol-KrieptoBot.Domain.Trading.ValueObjects.Symbol",
    "BaseSymbol": {
      "Value": "IOST"
    },
    "QuoteSymbol": {
      "Value": "EUR"
    }
  },
  {
    "Name": "KrieptoBot.Domain.Trading.ValueObjects.Symbol-KrieptoBot.Domain.Trading.ValueObjects.Symbol",
    "BaseSymbol": {
      "Value": "KMD"
    },
    "QuoteSymbol": {
      "Value": "BTC"
    }
  },
  {
    "Name": "KrieptoBot.Domain.Trading.ValueObjects.Symbol-KrieptoBot.Domain.Trading.ValueObjects.Symbol",
    "BaseSymbol": {
      "Value": "KMD"
    },
    "QuoteSymbol": {
      "Value": "EUR"
    }
  },
  {
    "Name": "KrieptoBot.Domain.Trading.ValueObjects.Symbol-KrieptoBot.Domain.Trading.ValueObjects.Symbol",
    "BaseSymbol": {
      "Value": "KNC"
    },
    "QuoteSymbol": {
      "Value": "EUR"
    }
  },
  {
    "Name": "KrieptoBot.Domain.Trading.ValueObjects.Symbol-KrieptoBot.Domain.Trading.ValueObjects.Symbol",
    "BaseSymbol": {
      "Value": "LINK"
    },
    "QuoteSymbol": {
      "Value": "BTC"
    }
  },
  {
    "Name": "KrieptoBot.Domain.Trading.ValueObjects.Symbol-KrieptoBot.Domain.Trading.ValueObjects.Symbol",
    "BaseSymbol": {
      "Value": "LINK"
    },
    "QuoteSymbol": {
      "Value": "EUR"
    }
  },
  {
    "Name": "KrieptoBot.Domain.Trading.ValueObjects.Symbol-KrieptoBot.Domain.Trading.ValueObjects.Symbol",
    "BaseSymbol": {
      "Value": "LOOM"
    },
    "QuoteSymbol": {
      "Value": "EUR"
    }
  },
  {
    "Name": "KrieptoBot.Domain.Trading.ValueObjects.Symbol-KrieptoBot.Domain.Trading.ValueObjects.Symbol",
    "BaseSymbol": {
      "Value": "LRC"
    },
    "QuoteSymbol": {
      "Value": "BTC"
    }
  },
  {
    "Name": "KrieptoBot.Domain.Trading.ValueObjects.Symbol-KrieptoBot.Domain.Trading.ValueObjects.Symbol",
    "BaseSymbol": {
      "Value": "LRC"
    },
    "QuoteSymbol": {
      "Value": "EUR"
    }
  },
  {
    "Name": "KrieptoBot.Domain.Trading.ValueObjects.Symbol-KrieptoBot.Domain.Trading.ValueObjects.Symbol",
    "BaseSymbol": {
      "Value": "LSK"
    },
    "QuoteSymbol": {
      "Value": "BTC"
    }
  },
  {
    "Name": "KrieptoBot.Domain.Trading.ValueObjects.Symbol-KrieptoBot.Domain.Trading.ValueObjects.Symbol",
    "BaseSymbol": {
      "Value": "LSK"
    },
    "QuoteSymbol": {
      "Value": "EUR"
    }
  },
  {
    "Name": "KrieptoBot.Domain.Trading.ValueObjects.Symbol-KrieptoBot.Domain.Trading.ValueObjects.Symbol",
    "BaseSymbol": {
      "Value": "LTC"
    },
    "QuoteSymbol": {
      "Value": "BTC"
    }
  },
  {
    "Name": "KrieptoBot.Domain.Trading.ValueObjects.Symbol-KrieptoBot.Domain.Trading.ValueObjects.Symbol",
    "BaseSymbol": {
      "Value": "LTC"
    },
    "QuoteSymbol": {
      "Value": "EUR"
    }
  },
  {
    "Name": "KrieptoBot.Domain.Trading.ValueObjects.Symbol-KrieptoBot.Domain.Trading.ValueObjects.Symbol",
    "BaseSymbol": {
      "Value": "MANA"
    },
    "QuoteSymbol": {
      "Value": "EUR"
    }
  },
  {
    "Name": "KrieptoBot.Domain.Trading.ValueObjects.Symbol-KrieptoBot.Domain.Trading.ValueObjects.Symbol",
    "BaseSymbol": {
      "Value": "MATIC"
    },
    "QuoteSymbol": {
      "Value": "EUR"
    }
  },
  {
    "Name": "KrieptoBot.Domain.Trading.ValueObjects.Symbol-KrieptoBot.Domain.Trading.ValueObjects.Symbol",
    "BaseSymbol": {
      "Value": "MIOTA"
    },
    "QuoteSymbol": {
      "Value": "BTC"
    }
  },
  {
    "Name": "KrieptoBot.Domain.Trading.ValueObjects.Symbol-KrieptoBot.Domain.Trading.ValueObjects.Symbol",
    "BaseSymbol": {
      "Value": "MIOTA"
    },
    "QuoteSymbol": {
      "Value": "EUR"
    }
  },
  {
    "Name": "KrieptoBot.Domain.Trading.ValueObjects.Symbol-KrieptoBot.Domain.Trading.ValueObjects.Symbol",
    "BaseSymbol": {
      "Value": "MKR"
    },
    "QuoteSymbol": {
      "Value": "EUR"
    }
  },
  {
    "Name": "KrieptoBot.Domain.Trading.ValueObjects.Symbol-KrieptoBot.Domain.Trading.ValueObjects.Symbol",
    "BaseSymbol": {
      "Value": "NANO"
    },
    "QuoteSymbol": {
      "Value": "BTC"
    }
  },
  {
    "Name": "KrieptoBot.Domain.Trading.ValueObjects.Symbol-KrieptoBot.Domain.Trading.ValueObjects.Symbol",
    "BaseSymbol": {
      "Value": "NANO"
    },
    "QuoteSymbol": {
      "Value": "EUR"
    }
  },
  {
    "Name": "KrieptoBot.Domain.Trading.ValueObjects.Symbol-KrieptoBot.Domain.Trading.ValueObjects.Symbol",
    "BaseSymbol": {
      "Value": "NAS"
    },
    "QuoteSymbol": {
      "Value": "BTC"
    }
  },
  {
    "Name": "KrieptoBot.Domain.Trading.ValueObjects.Symbol-KrieptoBot.Domain.Trading.ValueObjects.Symbol",
    "BaseSymbol": {
      "Value": "NAS"
    },
    "QuoteSymbol": {
      "Value": "EUR"
    }
  },
  {
    "Name": "KrieptoBot.Domain.Trading.ValueObjects.Symbol-KrieptoBot.Domain.Trading.ValueObjects.Symbol",
    "BaseSymbol": {
      "Value": "NEO"
    },
    "QuoteSymbol": {
      "Value": "BTC"
    }
  },
  {
    "Name": "KrieptoBot.Domain.Trading.ValueObjects.Symbol-KrieptoBot.Domain.Trading.ValueObjects.Symbol",
    "BaseSymbol": {
      "Value": "NEO"
    },
    "QuoteSymbol": {
      "Value": "EUR"
    }
  },
  {
    "Name": "KrieptoBot.Domain.Trading.ValueObjects.Symbol-KrieptoBot.Domain.Trading.ValueObjects.Symbol",
    "BaseSymbol": {
      "Value": "NMR"
    },
    "QuoteSymbol": {
      "Value": "EUR"
    }
  },
  {
    "Name": "KrieptoBot.Domain.Trading.ValueObjects.Symbol-KrieptoBot.Domain.Trading.ValueObjects.Symbol",
    "BaseSymbol": {
      "Value": "NPXS"
    },
    "QuoteSymbol": {
      "Value": "BTC"
    }
  },
  {
    "Name": "KrieptoBot.Domain.Trading.ValueObjects.Symbol-KrieptoBot.Domain.Trading.ValueObjects.Symbol",
    "BaseSymbol": {
      "Value": "NPXS"
    },
    "QuoteSymbol": {
      "Value": "EUR"
    }
  },
  {
    "Name": "KrieptoBot.Domain.Trading.ValueObjects.Symbol-KrieptoBot.Domain.Trading.ValueObjects.Symbol",
    "BaseSymbol": {
      "Value": "NULS"
    },
    "QuoteSymbol": {
      "Value": "BTC"
    }
  },
  {
    "Name": "KrieptoBot.Domain.Trading.ValueObjects.Symbol-KrieptoBot.Domain.Trading.ValueObjects.Symbol",
    "BaseSymbol": {
      "Value": "NULS"
    },
    "QuoteSymbol": {
      "Value": "EUR"
    }
  },
  {
    "Name": "KrieptoBot.Domain.Trading.ValueObjects.Symbol-KrieptoBot.Domain.Trading.ValueObjects.Symbol",
    "BaseSymbol": {
      "Value": "OGN"
    },
    "QuoteSymbol": {
      "Value": "EUR"
    }
  },
  {
    "Name": "KrieptoBot.Domain.Trading.ValueObjects.Symbol-KrieptoBot.Domain.Trading.ValueObjects.Symbol",
    "BaseSymbol": {
      "Value": "OMG"
    },
    "QuoteSymbol": {
      "Value": "BTC"
    }
  },
  {
    "Name": "KrieptoBot.Domain.Trading.ValueObjects.Symbol-KrieptoBot.Domain.Trading.ValueObjects.Symbol",
    "BaseSymbol": {
      "Value": "OMG"
    },
    "QuoteSymbol": {
      "Value": "EUR"
    }
  },
  {
    "Name": "KrieptoBot.Domain.Trading.ValueObjects.Symbol-KrieptoBot.Domain.Trading.ValueObjects.Symbol",
    "BaseSymbol": {
      "Value": "ONG"
    },
    "QuoteSymbol": {
      "Value": "BTC"
    }
  },
  {
    "Name": "KrieptoBot.Domain.Trading.ValueObjects.Symbol-KrieptoBot.Domain.Trading.ValueObjects.Symbol",
    "BaseSymbol": {
      "Value": "ONG"
    },
    "QuoteSymbol": {
      "Value": "EUR"
    }
  },
  {
    "Name": "KrieptoBot.Domain.Trading.ValueObjects.Symbol-KrieptoBot.Domain.Trading.ValueObjects.Symbol",
    "BaseSymbol": {
      "Value": "ONT"
    },
    "QuoteSymbol": {
      "Value": "BTC"
    }
  },
  {
    "Name": "KrieptoBot.Domain.Trading.ValueObjects.Symbol-KrieptoBot.Domain.Trading.ValueObjects.Symbol",
    "BaseSymbol": {
      "Value": "ONT"
    },
    "QuoteSymbol": {
      "Value": "EUR"
    }
  },
  {
    "Name": "KrieptoBot.Domain.Trading.ValueObjects.Symbol-KrieptoBot.Domain.Trading.ValueObjects.Symbol",
    "BaseSymbol": {
      "Value": "OXT"
    },
    "QuoteSymbol": {
      "Value": "EUR"
    }
  },
  {
    "Name": "KrieptoBot.Domain.Trading.ValueObjects.Symbol-KrieptoBot.Domain.Trading.ValueObjects.Symbol",
    "BaseSymbol": {
      "Value": "POWR"
    },
    "QuoteSymbol": {
      "Value": "BTC"
    }
  },
  {
    "Name": "KrieptoBot.Domain.Trading.ValueObjects.Symbol-KrieptoBot.Domain.Trading.ValueObjects.Symbol",
    "BaseSymbol": {
      "Value": "POWR"
    },
    "QuoteSymbol": {
      "Value": "EUR"
    }
  },
  {
    "Name": "KrieptoBot.Domain.Trading.ValueObjects.Symbol-KrieptoBot.Domain.Trading.ValueObjects.Symbol",
    "BaseSymbol": {
      "Value": "PUNDIX"
    },
    "QuoteSymbol": {
      "Value": "EUR"
    }
  },
  {
    "Name": "KrieptoBot.Domain.Trading.ValueObjects.Symbol-KrieptoBot.Domain.Trading.ValueObjects.Symbol",
    "BaseSymbol": {
      "Value": "QTUM"
    },
    "QuoteSymbol": {
      "Value": "BTC"
    }
  },
  {
    "Name": "KrieptoBot.Domain.Trading.ValueObjects.Symbol-KrieptoBot.Domain.Trading.ValueObjects.Symbol",
    "BaseSymbol": {
      "Value": "QTUM"
    },
    "QuoteSymbol": {
      "Value": "EUR"
    }
  },
  {
    "Name": "KrieptoBot.Domain.Trading.ValueObjects.Symbol-KrieptoBot.Domain.Trading.ValueObjects.Symbol",
    "BaseSymbol": {
      "Value": "RDD"
    },
    "QuoteSymbol": {
      "Value": "BTC"
    }
  },
  {
    "Name": "KrieptoBot.Domain.Trading.ValueObjects.Symbol-KrieptoBot.Domain.Trading.ValueObjects.Symbol",
    "BaseSymbol": {
      "Value": "RDD"
    },
    "QuoteSymbol": {
      "Value": "EUR"
    }
  },
  {
    "Name": "KrieptoBot.Domain.Trading.ValueObjects.Symbol-KrieptoBot.Domain.Trading.ValueObjects.Symbol",
    "BaseSymbol": {
      "Value": "REN"
    },
    "QuoteSymbol": {
      "Value": "EUR"
    }
  },
  {
    "Name": "KrieptoBot.Domain.Trading.ValueObjects.Symbol-KrieptoBot.Domain.Trading.ValueObjects.Symbol",
    "BaseSymbol": {
      "Value": "REP"
    },
    "QuoteSymbol": {
      "Value": "EUR"
    }
  },
  {
    "Name": "KrieptoBot.Domain.Trading.ValueObjects.Symbol-KrieptoBot.Domain.Trading.ValueObjects.Symbol",
    "BaseSymbol": {
      "Value": "REQ"
    },
    "QuoteSymbol": {
      "Value": "BTC"
    }
  },
  {
    "Name": "KrieptoBot.Domain.Trading.ValueObjects.Symbol-KrieptoBot.Domain.Trading.ValueObjects.Symbol",
    "BaseSymbol": {
      "Value": "REQ"
    },
    "QuoteSymbol": {
      "Value": "EUR"
    }
  },
  {
    "Name": "KrieptoBot.Domain.Trading.ValueObjects.Symbol-KrieptoBot.Domain.Trading.ValueObjects.Symbol",
    "BaseSymbol": {
      "Value": "RLC"
    },
    "QuoteSymbol": {
      "Value": "EUR"
    }
  },
  {
    "Name": "KrieptoBot.Domain.Trading.ValueObjects.Symbol-KrieptoBot.Domain.Trading.ValueObjects.Symbol",
    "BaseSymbol": {
      "Value": "RSR"
    },
    "QuoteSymbol": {
      "Value": "EUR"
    }
  },
  {
    "Name": "KrieptoBot.Domain.Trading.ValueObjects.Symbol-KrieptoBot.Domain.Trading.ValueObjects.Symbol",
    "BaseSymbol": {
      "Value": "RVN"
    },
    "QuoteSymbol": {
      "Value": "BTC"
    }
  },
  {
    "Name": "KrieptoBot.Domain.Trading.ValueObjects.Symbol-KrieptoBot.Domain.Trading.ValueObjects.Symbol",
    "BaseSymbol": {
      "Value": "RVN"
    },
    "QuoteSymbol": {
      "Value": "EUR"
    }
  },
  {
    "Name": "KrieptoBot.Domain.Trading.ValueObjects.Symbol-KrieptoBot.Domain.Trading.ValueObjects.Symbol",
    "BaseSymbol": {
      "Value": "SNT"
    },
    "QuoteSymbol": {
      "Value": "BTC"
    }
  },
  {
    "Name": "KrieptoBot.Domain.Trading.ValueObjects.Symbol-KrieptoBot.Domain.Trading.ValueObjects.Symbol",
    "BaseSymbol": {
      "Value": "SNT"
    },
    "QuoteSymbol": {
      "Value": "EUR"
    }
  },
  {
    "Name": "KrieptoBot.Domain.Trading.ValueObjects.Symbol-KrieptoBot.Domain.Trading.ValueObjects.Symbol",
    "BaseSymbol": {
      "Value": "SNX"
    },
    "QuoteSymbol": {
      "Value": "EUR"
    }
  },
  {
    "Name": "KrieptoBot.Domain.Trading.ValueObjects.Symbol-KrieptoBot.Domain.Trading.ValueObjects.Symbol",
    "BaseSymbol": {
      "Value": "SOL"
    },
    "QuoteSymbol": {
      "Value": "EUR"
    }
  },
  {
    "Name": "KrieptoBot.Domain.Trading.ValueObjects.Symbol-KrieptoBot.Domain.Trading.ValueObjects.Symbol",
    "BaseSymbol": {
      "Value": "STEEM"
    },
    "QuoteSymbol": {
      "Value": "BTC"
    }
  },
  {
    "Name": "KrieptoBot.Domain.Trading.ValueObjects.Symbol-KrieptoBot.Domain.Trading.ValueObjects.Symbol",
    "BaseSymbol": {
      "Value": "STEEM"
    },
    "QuoteSymbol": {
      "Value": "EUR"
    }
  },
  {
    "Name": "KrieptoBot.Domain.Trading.ValueObjects.Symbol-KrieptoBot.Domain.Trading.ValueObjects.Symbol",
    "BaseSymbol": {
      "Value": "STMX"
    },
    "QuoteSymbol": {
      "Value": "BTC"
    }
  },
  {
    "Name": "KrieptoBot.Domain.Trading.ValueObjects.Symbol-KrieptoBot.Domain.Trading.ValueObjects.Symbol",
    "BaseSymbol": {
      "Value": "STMX"
    },
    "QuoteSymbol": {
      "Value": "EUR"
    }
  },
  {
    "Name": "KrieptoBot.Domain.Trading.ValueObjects.Symbol-KrieptoBot.Domain.Trading.ValueObjects.Symbol",
    "BaseSymbol": {
      "Value": "STORJ"
    },
    "QuoteSymbol": {
      "Value": "EUR"
    }
  },
  {
    "Name": "KrieptoBot.Domain.Trading.ValueObjects.Symbol-KrieptoBot.Domain.Trading.ValueObjects.Symbol",
    "BaseSymbol": {
      "Value": "STORM"
    },
    "QuoteSymbol": {
      "Value": "BTC"
    }
  },
  {
    "Name": "KrieptoBot.Domain.Trading.ValueObjects.Symbol-KrieptoBot.Domain.Trading.ValueObjects.Symbol",
    "BaseSymbol": {
      "Value": "STORM"
    },
    "QuoteSymbol": {
      "Value": "EUR"
    }
  },
  {
    "Name": "KrieptoBot.Domain.Trading.ValueObjects.Symbol-KrieptoBot.Domain.Trading.ValueObjects.Symbol",
    "BaseSymbol": {
      "Value": "STRAT"
    },
    "QuoteSymbol": {
      "Value": "BTC"
    }
  },
  {
    "Name": "KrieptoBot.Domain.Trading.ValueObjects.Symbol-KrieptoBot.Domain.Trading.ValueObjects.Symbol",
    "BaseSymbol": {
      "Value": "STRAT"
    },
    "QuoteSymbol": {
      "Value": "EUR"
    }
  },
  {
    "Name": "KrieptoBot.Domain.Trading.ValueObjects.Symbol-KrieptoBot.Domain.Trading.ValueObjects.Symbol",
    "BaseSymbol": {
      "Value": "STRAX"
    },
    "QuoteSymbol": {
      "Value": "EUR"
    }
  },
  {
    "Name": "KrieptoBot.Domain.Trading.ValueObjects.Symbol-KrieptoBot.Domain.Trading.ValueObjects.Symbol",
    "BaseSymbol": {
      "Value": "SUSHI"
    },
    "QuoteSymbol": {
      "Value": "EUR"
    }
  },
  {
    "Name": "KrieptoBot.Domain.Trading.ValueObjects.Symbol-KrieptoBot.Domain.Trading.ValueObjects.Symbol",
    "BaseSymbol": {
      "Value": "SXP"
    },
    "QuoteSymbol": {
      "Value": "EUR"
    }
  },
  {
    "Name": "KrieptoBot.Domain.Trading.ValueObjects.Symbol-KrieptoBot.Domain.Trading.ValueObjects.Symbol",
    "BaseSymbol": {
      "Value": "TRB"
    },
    "QuoteSymbol": {
      "Value": "EUR"
    }
  },
  {
    "Name": "KrieptoBot.Domain.Trading.ValueObjects.Symbol-KrieptoBot.Domain.Trading.ValueObjects.Symbol",
    "BaseSymbol": {
      "Value": "TRX"
    },
    "QuoteSymbol": {
      "Value": "BTC"
    }
  },
  {
    "Name": "KrieptoBot.Domain.Trading.ValueObjects.Symbol-KrieptoBot.Domain.Trading.ValueObjects.Symbol",
    "BaseSymbol": {
      "Value": "TRX"
    },
    "QuoteSymbol": {
      "Value": "EUR"
    }
  },
  {
    "Name": "KrieptoBot.Domain.Trading.ValueObjects.Symbol-KrieptoBot.Domain.Trading.ValueObjects.Symbol",
    "BaseSymbol": {
      "Value": "UMA"
    },
    "QuoteSymbol": {
      "Value": "EUR"
    }
  },
  {
    "Name": "KrieptoBot.Domain.Trading.ValueObjects.Symbol-KrieptoBot.Domain.Trading.ValueObjects.Symbol",
    "BaseSymbol": {
      "Value": "UNI"
    },
    "QuoteSymbol": {
      "Value": "EUR"
    }
  },
  {
    "Name": "KrieptoBot.Domain.Trading.ValueObjects.Symbol-KrieptoBot.Domain.Trading.ValueObjects.Symbol",
    "BaseSymbol": {
      "Value": "USDC"
    },
    "QuoteSymbol": {
      "Value": "EUR"
    }
  },
  {
    "Name": "KrieptoBot.Domain.Trading.ValueObjects.Symbol-KrieptoBot.Domain.Trading.ValueObjects.Symbol",
    "BaseSymbol": {
      "Value": "USDT"
    },
    "QuoteSymbol": {
      "Value": "EUR"
    }
  },
  {
    "Name": "KrieptoBot.Domain.Trading.ValueObjects.Symbol-KrieptoBot.Domain.Trading.ValueObjects.Symbol",
    "BaseSymbol": {
      "Value": "UTK"
    },
    "QuoteSymbol": {
      "Value": "EUR"
    }
  },
  {
    "Name": "KrieptoBot.Domain.Trading.ValueObjects.Symbol-KrieptoBot.Domain.Trading.ValueObjects.Symbol",
    "BaseSymbol": {
      "Value": "VET"
    },
    "QuoteSymbol": {
      "Value": "BTC"
    }
  },
  {
    "Name": "KrieptoBot.Domain.Trading.ValueObjects.Symbol-KrieptoBot.Domain.Trading.ValueObjects.Symbol",
    "BaseSymbol": {
      "Value": "VET"
    },
    "QuoteSymbol": {
      "Value": "EUR"
    }
  },
  {
    "Name": "KrieptoBot.Domain.Trading.ValueObjects.Symbol-KrieptoBot.Domain.Trading.ValueObjects.Symbol",
    "BaseSymbol": {
      "Value": "VTC"
    },
    "QuoteSymbol": {
      "Value": "BTC"
    }
  },
  {
    "Name": "KrieptoBot.Domain.Trading.ValueObjects.Symbol-KrieptoBot.Domain.Trading.ValueObjects.Symbol",
    "BaseSymbol": {
      "Value": "VTC"
    },
    "QuoteSymbol": {
      "Value": "EUR"
    }
  },
  {
    "Name": "KrieptoBot.Domain.Trading.ValueObjects.Symbol-KrieptoBot.Domain.Trading.ValueObjects.Symbol",
    "BaseSymbol": {
      "Value": "VTHO"
    },
    "QuoteSymbol": {
      "Value": "BTC"
    }
  },
  {
    "Name": "KrieptoBot.Domain.Trading.ValueObjects.Symbol-KrieptoBot.Domain.Trading.ValueObjects.Symbol",
    "BaseSymbol": {
      "Value": "VTHO"
    },
    "QuoteSymbol": {
      "Value": "EUR"
    }
  },
  {
    "Name": "KrieptoBot.Domain.Trading.ValueObjects.Symbol-KrieptoBot.Domain.Trading.ValueObjects.Symbol",
    "BaseSymbol": {
      "Value": "WAVES"
    },
    "QuoteSymbol": {
      "Value": "BTC"
    }
  },
  {
    "Name": "KrieptoBot.Domain.Trading.ValueObjects.Symbol-KrieptoBot.Domain.Trading.ValueObjects.Symbol",
    "BaseSymbol": {
      "Value": "WAVES"
    },
    "QuoteSymbol": {
      "Value": "EUR"
    }
  },
  {
    "Name": "KrieptoBot.Domain.Trading.ValueObjects.Symbol-KrieptoBot.Domain.Trading.ValueObjects.Symbol",
    "BaseSymbol": {
      "Value": "WTC"
    },
    "QuoteSymbol": {
      "Value": "BTC"
    }
  },
  {
    "Name": "KrieptoBot.Domain.Trading.ValueObjects.Symbol-KrieptoBot.Domain.Trading.ValueObjects.Symbol",
    "BaseSymbol": {
      "Value": "WTC"
    },
    "QuoteSymbol": {
      "Value": "EUR"
    }
  },
  {
    "Name": "KrieptoBot.Domain.Trading.ValueObjects.Symbol-KrieptoBot.Domain.Trading.ValueObjects.Symbol",
    "BaseSymbol": {
      "Value": "XEM"
    },
    "QuoteSymbol": {
      "Value": "BTC"
    }
  },
  {
    "Name": "KrieptoBot.Domain.Trading.ValueObjects.Symbol-KrieptoBot.Domain.Trading.ValueObjects.Symbol",
    "BaseSymbol": {
      "Value": "XEM"
    },
    "QuoteSymbol": {
      "Value": "EUR"
    }
  },
  {
    "Name": "KrieptoBot.Domain.Trading.ValueObjects.Symbol-KrieptoBot.Domain.Trading.ValueObjects.Symbol",
    "BaseSymbol": {
      "Value": "XLM"
    },
    "QuoteSymbol": {
      "Value": "BTC"
    }
  },
  {
    "Name": "KrieptoBot.Domain.Trading.ValueObjects.Symbol-KrieptoBot.Domain.Trading.ValueObjects.Symbol",
    "BaseSymbol": {
      "Value": "XLM"
    },
    "QuoteSymbol": {
      "Value": "EUR"
    }
  },
  {
    "Name": "KrieptoBot.Domain.Trading.ValueObjects.Symbol-KrieptoBot.Domain.Trading.ValueObjects.Symbol",
    "BaseSymbol": {
      "Value": "XRP"
    },
    "QuoteSymbol": {
      "Value": "BTC"
    }
  },
  {
    "Name": "KrieptoBot.Domain.Trading.ValueObjects.Symbol-KrieptoBot.Domain.Trading.ValueObjects.Symbol",
    "BaseSymbol": {
      "Value": "XRP"
    },
    "QuoteSymbol": {
      "Value": "EUR"
    }
  },
  {
    "Name": "KrieptoBot.Domain.Trading.ValueObjects.Symbol-KrieptoBot.Domain.Trading.ValueObjects.Symbol",
    "BaseSymbol": {
      "Value": "XTZ"
    },
    "QuoteSymbol": {
      "Value": "BTC"
    }
  },
  {
    "Name": "KrieptoBot.Domain.Trading.ValueObjects.Symbol-KrieptoBot.Domain.Trading.ValueObjects.Symbol",
    "BaseSymbol": {
      "Value": "XTZ"
    },
    "QuoteSymbol": {
      "Value": "EUR"
    }
  },
  {
    "Name": "KrieptoBot.Domain.Trading.ValueObjects.Symbol-KrieptoBot.Domain.Trading.ValueObjects.Symbol",
    "BaseSymbol": {
      "Value": "XVG"
    },
    "QuoteSymbol": {
      "Value": "BTC"
    }
  },
  {
    "Name": "KrieptoBot.Domain.Trading.ValueObjects.Symbol-KrieptoBot.Domain.Trading.ValueObjects.Symbol",
    "BaseSymbol": {
      "Value": "XVG"
    },
    "QuoteSymbol": {
      "Value": "EUR"
    }
  },
  {
    "Name": "KrieptoBot.Domain.Trading.ValueObjects.Symbol-KrieptoBot.Domain.Trading.ValueObjects.Symbol",
    "BaseSymbol": {
      "Value": "YFI"
    },
    "QuoteSymbol": {
      "Value": "EUR"
    }
  },
  {
    "Name": "KrieptoBot.Domain.Trading.ValueObjects.Symbol-KrieptoBot.Domain.Trading.ValueObjects.Symbol",
    "BaseSymbol": {
      "Value": "YFII"
    },
    "QuoteSymbol": {
      "Value": "EUR"
    }
  },
  {
    "Name": "KrieptoBot.Domain.Trading.ValueObjects.Symbol-KrieptoBot.Domain.Trading.ValueObjects.Symbol",
    "BaseSymbol": {
      "Value": "ZIL"
    },
    "QuoteSymbol": {
      "Value": "BTC"
    }
  },
  {
    "Name": "KrieptoBot.Domain.Trading.ValueObjects.Symbol-KrieptoBot.Domain.Trading.ValueObjects.Symbol",
    "BaseSymbol": {
      "Value": "ZIL"
    },
    "QuoteSymbol": {
      "Value": "EUR"
    }
  },
  {
    "Name": "KrieptoBot.Domain.Trading.ValueObjects.Symbol-KrieptoBot.Domain.Trading.ValueObjects.Symbol",
    "BaseSymbol": {
      "Value": "ZRX"
    },
    "QuoteSymbol": {
      "Value": "BTC"
    }
  },
  {
    "Name": "KrieptoBot.Domain.Trading.ValueObjects.Symbol-KrieptoBot.Domain.Trading.ValueObjects.Symbol",
    "BaseSymbol": {
      "Value": "ZRX"
    },
    "QuoteSymbol": {
      "Value": "EUR"
    }
  }
]
