{
  "Symbol": {
    "Value": "BTC"
  },
  "Name": {
    "Value": "Bitcoin"
  }
}
