{
  "2021-11-01T00:00:00Z": 53043.0,
  "2021-11-01T00:05:00Z": 53085.000000000000000000000000,
  "2021-11-01T00:10:00Z": 53161.333333333333333333333334,
  "2021-11-01T00:15:00Z": 53239.555555555555555555555556,
  "2021-11-01T00:20:00Z": 53245.703703703703703703703704,
  "2021-11-01T00:25:00Z": 53252.135802469135802469135802,
  "2021-11-01T00:30:00Z": 53250.423868312757201646090534,
  "2021-11-01T00:35:00Z": 53277.949245541838134430727023,
  "2021-11-01T00:40:00Z": 53262.966163694558756287151349,
  "2021-11-01T00:45:00Z": 53253.310775796372504191434233,
  "2021-11-01T00:50:00Z": 53282.540517197581669460956156,
  "2021-11-01T00:55:00Z": 53302.027011465054446307304104,
  "2021-11-01T01:00:00Z": 53331.018007643369630871536070,
  "2021-11-01T01:05:00Z": 53358.345338428913087247690714,
  "2021-11-01T01:10:00Z": 53395.230225619275391498460476,
  "2021-11-01T01:15:00Z": 53396.486817079516927665640317,
  "2021-11-01T01:20:00Z": 53399.324544719677951777093545,
  "2021-11-01T01:25:00Z": 53408.883029813118634518062364,
  "2021-11-01T01:30:00Z": 53366.588686542079089678708243,
  "2021-11-01T01:35:00Z": 53341.392457694719393119138829,
  "2021-11-01T01:40:00Z": 53284.928305129812928746092552,
  "2021-11-01T01:45:00Z": 53255.952203419875285830728368,
  "2021-11-01T01:50:00Z": 53223.968135613250190553818912,
  "2021-11-01T01:55:00Z": 53188.645423742166793702545941,
  "2021-11-01T02:00:00Z": 53163.096949161444529135030627,
  "2021-11-01T02:05:00Z": 53176.397966107629686090020418,
  "2021-11-01T02:10:00Z": 53122.265310738419790726680279,
  "2021-11-01T02:15:00Z": 52895.843540492279860484453519,
  "2021-11-01T02:20:00Z": 52652.562360328186573656302346,
  "2021-11-01T02:25:00Z": 52477.041573552124382437534898,
  "2021-11-01T02:30:00Z": 52399.361049034749588291689932,
  "2021-11-01T02:35:00Z": 52381.907366023166392194459954,
  "2021-11-01T02:40:00Z": 52346.938244015444261462973303,
  "2021-11-01T02:45:00Z": 52326.625496010296174308648869,
  "2021-11-01T02:50:00Z": 52352.083664006864116205765913,
  "2021-11-01T02:55:00Z": 52401.055776004576077470510609,
  "2021-11-01T03:00:00Z": 52387.703850669717384980340406,
  "2021-11-01T03:05:00Z": 52374.135900446478256653560270,
  "2021-11-01T03:10:00Z": 52342.757266964318837769040180,
  "2021-11-01T03:15:00Z": 52308.838177976212558512693453,
  "2021-11-01T03:20:00Z": 52282.892118650808372341795636,
  "2021-11-01T03:25:00Z": 52287.928079100538914894530424,
  "2021-11-01T03:30:00Z": 52263.618719400359276596353616,
  "2021-11-01T03:35:00Z": 52248.412479600239517730902410,
  "2021-11-01T03:40:00Z": 52245.274986400159678487268273,
  "2021-11-01T03:45:00Z": 52223.849990933439785658178849,
  "2021-11-01T03:50:00Z": 52198.566660622293190438785899,
  "2021-11-01T03:55:00Z": 52105.044440414862126959190599,
  "2021-11-01T04:00:00Z": 52024.362960276574751306127066,
  "2021-11-01T04:05:00Z": 51973.908640184383167537418044,
  "2021-11-01T04:10:00Z": 52042.605760122922111691612030,
  "2021-11-01T04:15:00Z": 52072.070506748614741127741353,
  "2021-11-01T04:20:00Z": 52146.713671165743160751827568,
  "2021-11-01T04:25:00Z": 52176.809114110495440501218379,
  "2021-11-01T04:30:00Z": 52299.539409406996960334145586,
  "2021-11-01T04:35:00Z": 52366.026272937997973556097057,
  "2021-11-01T04:40:00Z": 52426.017515291998649037398038,
  "2021-11-01T04:45:00Z": 52444.345010194665766024932025,
  "2021-11-01T04:50:00Z": 52470.896673463110510683288016,
  "2021-11-01T04:55:00Z": 52484.264448975407007122192011,
  "2021-11-01T05:00:00Z": 52470.509632650271338081461340,
  "2021-11-01T05:05:00Z": 52482.339755100180892054307560,
  "2021-11-01T05:10:00Z": 52514.893170066787261369538373,
  "2021-11-01T05:15:00Z": 52528.595446711191507579692249,
  "2021-11-01T05:20:00Z": 52578.396964474127671719794833,
  "2021-11-01T05:25:00Z": 52576.597976316085114479863222,
  "2021-11-01T05:30:00Z": 52565.398650877390076319908815,
  "2021-11-01T05:35:00Z": 52551.265767251593384213272543,
  "2021-11-01T05:40:00Z": 52570.843844834395589475515029,
  "2021-11-01T05:45:00Z": 52558.895896556263726317010019,
  "2021-11-01T05:50:00Z": 52527.597264370842484211340013,
  "2021-11-01T05:55:00Z": 52496.398176247228322807560008,
  "2021-11-01T06:00:00Z": 52451.265450831485548538373339,
  "2021-11-01T06:05:00Z": 52402.843633887657032358915560,
  "2021-11-01T06:10:00Z": 52374.895755925104688239277040,
  "2021-11-01T06:15:00Z": 52330.597170616736458826184693,
  "2021-11-01T06:20:00Z": 52333.731447077824305884123129,
  "2021-11-01T06:25:00Z": 52392.820964718549537256082086,
  "2021-11-01T06:30:00Z": 52449.213976479033024837388057,
  "2021-11-01T06:35:00Z": 52559.809317652688683224925371,
  "2021-11-01T06:40:00Z": 52612.872878435125788816616914,
  "2021-11-01T06:45:00Z": 52595.915252290083859211077943,
  "2021-11-01T06:50:00Z": 52591.943501526722572807385295,
  "2021-11-01T06:55:00Z": 52601.629001017815048538256864,
  "2021-11-01T07:00:00Z": 52778.086000678543365692171243,
  "2021-11-01T07:05:00Z": 52949.390667119028910461447495,
  "2021-11-01T07:10:00Z": 53227.593778079352606974298330,
  "2021-11-01T07:15:00Z": 53393.062518719568404649532220,
  "2021-11-01T07:20:00Z": 53541.375012479712269766354813,
  "2021-11-01T07:25:00Z": 53608.583341653141513177569876,
  "2021-11-01T07:30:00Z": 53672.388894435427675451713251,
  "2021-11-01T07:35:00Z": 53657.925929623618450301142168,
  "2021-11-01T07:40:00Z": 53668.950619749078966867428112,
  "2021-11-01T07:45:00Z": 53704.633746499385977911618742,
  "2021-11-01T07:50:00Z": 53747.755830999590651941079161,
  "2021-11-01T07:55:00Z": 53760.837220666393767960719440,
  "2021-11-01T08:00:00Z": 53807.224813777595845307146293
}
