[
  {
    "Value": {
      "Value": 54000.0
    },
    "From": "2021-11-01T08:00:00Z"
  },
  {
    "Value": {
      "Value": 52090.0
    },
    "From": "2021-11-01T16:00:00Z"
  },
  {
    "Value": {
      "Value": 55500.0
    },
    "From": "2021-11-02T16:00:00Z"
  },
  {
    "Value": {
      "Value": 59080.0
    },
    "From": "2021-11-09T00:00:00Z"
  },
  {
    "Value": {
      "Value": 59688.0
    },
    "From": "2021-11-10T12:00:00Z"
  },
  {
    "Value": {
      "Value": 57290.0
    },
    "From": "2021-11-11T08:00:00Z"
  },
  {
    "Value": {
      "Value": 49042.0
    },
    "From": "2021-11-19T00:00:00Z"
  },
  {
    "Value": {
      "Value": 53197.0
    },
    "From": "2021-11-20T20:00:00Z"
  },
  {
    "Value": {
      "Value": 46000.0
    },
    "From": "2021-11-26T08:00:00Z"
  },
  {
    "Value": {
      "Value": 47538.0
    },
    "From": "2021-11-28T00:00:00Z"
  }
]
