{
  "Symbol": {
    "Value": "EUR"
  },
  "Available": {
    "Value": 0.0
  },
  "InOrder": {
    "Value": 11.03
  }
}
