{
  "Symbol": {
    "Value": "AAVE"
  },
  "Name": {
    "Value": "Aave"
  }
}
