{
  "Name": "BTC-EUR",
  "BaseSymbol": {
    "Value": "BTC"
  },
  "QuoteSymbol": {
    "Value": "EUR"
  }
}
