{
  "Symbol": "BTC",
  "Name": "Bitcoin",
  "Decimals": 8,
  "DepositFee": 0.0,
  "DepositConfirmations": 3,
  "DepositStatus": "OK",
  "WithdrawalFee": 0.000008,
  "WithdrawalMinAmount": 0.00001,
  "WithdrawalStatus": "OK",
  "Networks": [
    "Mainnet"
  ],
  "Message": ""
}
